[
  "-QST4K01GN0P8D2",
  "-QST4K01GN0P8D8",
  "-841DS4J",
  "-841DS44",
  "-841DS45",
  "-9N0X",
  "-9N0D",
  "-9N02",
  "-90Y",
  "-900",
  "-90G",
  "-Q5",
  "-QN",
  "-QC",
  "-0",
  "-G",
  "-P",
  "-X",
  "-Q",
  "-M",
  "-9",
  "H",
  "9",
  "M",
  "Q",
  "X",
  "P",
  "G",
  "0",
  "QC",
  "QN",
  "Q5",
  "90G",
  "900",
  "90Y",
  "9N08",
  "9N02",
  "9N0D",
  "841DS4N",
  "841DS45",
  "841DS44",
  "QST4K01GN0P8D2"
]
