[
  "-NTK9WJ4S2JX5GY",
  "-NTK9WJ4S2JX5G5",
  "-594GT9H",
  "-594GT99",
  "-594GT9Z",
  "-P2J7",
  "-P2JG",
  "-P2JY",
  "-PJQ",
  "-PJJ",
  "-PJS",
  "-NZ",
  "-N2",
  "-NC",
  "-JR",
  "-SD",
  "-XR",
  "-76",
  "-N0",
  "-FR",
  "-P1",
  "E0",
  "P1",
  "FR",
  "N0",
  "76",
  "XR",
  "SD",
  "JR",
  "NC",
  "N2",
  "NZ",
  "PJS",
  "PJJ",
  "PJQ",
  "P2J5",
  "P2JY",
  "P2JG",
  "594GT92",
  "594GT9Z",
  "594GT99",
  "NTK9WJ4S2JX5GY"
]
