[
  "-NTK9WJ4S2JX5GY",
  "-NTK9WJ4S2JX5G5",
  "-594GT9H",
  "-594GT99",
  "-594GT9Z",
  "-P2J7",
  "-P2JG",
  "-P2JY",
  "-PJQ",
  "-PJJ",
  "-PJS",
  "-NZ",
  "-N2",
  "-NC",
  "-J",
  "-S",
  "-X",
  "-7",
  "-N",
  "-F",
  "-P",
  "E",
  "P",
  "F",
  "N",
  "7",
  "X",
  "S",
  "J",
  "NC",
  "N2",
  "NZ",
  "PJS",
  "PJJ",
  "PJQ",
  "P2J5",
  "P2JY",
  "P2JG",
  "594GT92",
  "594GT9Z",
  "594GT99",
  "NTK9WJ4S2JX5GY"
]
