[
  "-4KU3MEXPREF6GZ",
  "-4KU3MEXPREF6G6",
  "-63XGK3T",
  "-63XGK33",
  "-63XGK31",
  "-8REH",
  "-8REG",
  "-8REZ",
  "-8EB",
  "-8EE",
  "-8EP",
  "-41",
  "-4R",
  "-45",
  "-E",
  "-P",
  "-F",
  "-H",
  "-4",
  "-V",
  "-8",
  "Q",
  "8",
  "V",
  "4",
  "H",
  "F",
  "P",
  "E",
  "45",
  "4R",
  "41",
  "8EP",
  "8EE",
  "8EB",
  "8RE6",
  "8REZ",
  "8REG",
  "63XGK3R",
  "63XGK31",
  "63XGK33",
  "4KU3MEXPREF6GZ"
]
